Archive member included to satisfy reference by file (symbol)

C:/ST/STM32CubeIDE_1.19.0/STM32CubeIDE/plugins/com.st.stm32cube.ide.mcu.externaltools.gnu-tools-for-stm32.13.3.rel1.win32_1.0.0.202411081344/tools/bin/../lib/gcc/arm-none-eabi/13.3.1/../../../../arm-none-eabi/lib/thumb/v7e-m+fp/hard\libc_nano.a(libc_a-exit.o)
                              C:/ST/STM32CubeIDE_1.19.0/STM32CubeIDE/plugins/com.st.stm32cube.ide.mcu.externaltools.gnu-tools-for-stm32.13.3.rel1.win32_1.0.0.202411081344/tools/bin/../lib/gcc/arm-none-eabi/13.3.1/../../../../arm-none-eabi/lib/thumb/v7e-m+fp/hard/crt0.o (exit)
C:/ST/STM32CubeIDE_1.19.0/STM32CubeIDE/plugins/com.st.stm32cube.ide.mcu.externaltools.gnu-tools-for-stm32.13.3.rel1.win32_1.0.0.202411081344/tools/bin/../lib/gcc/arm-none-eabi/13.3.1/../../../../arm-none-eabi/lib/thumb/v7e-m+fp/hard\libc_nano.a(libc_a-findfp.o)
                              C:/ST/STM32CubeIDE_1.19.0/STM32CubeIDE/plugins/com.st.stm32cube.ide.mcu.externaltools.gnu-tools-for-stm32.13.3.rel1.win32_1.0.0.202411081344/tools/bin/../lib/gcc/arm-none-eabi/13.3.1/../../../../arm-none-eabi/lib/thumb/v7e-m+fp/hard\libc_nano.a(libc_a-exit.o) (__stdio_exit_handler)
C:/ST/STM32CubeIDE_1.19.0/STM32CubeIDE/plugins/com.st.stm32cube.ide.mcu.externaltools.gnu-tools-for-stm32.13.3.rel1.win32_1.0.0.202411081344/tools/bin/../lib/gcc/arm-none-eabi/13.3.1/../../../../arm-none-eabi/lib/thumb/v7e-m+fp/hard\libc_nano.a(libc_a-fwalk.o)
                              C:/ST/STM32CubeIDE_1.19.0/STM32CubeIDE/plugins/com.st.stm32cube.ide.mcu.externaltools.gnu-tools-for-stm32.13.3.rel1.win32_1.0.0.202411081344/tools/bin/../lib/gcc/arm-none-eabi/13.3.1/../../../../arm-none-eabi/lib/thumb/v7e-m+fp/hard\libc_nano.a(libc_a-findfp.o) (_fwalk_sglue)
C:/ST/STM32CubeIDE_1.19.0/STM32CubeIDE/plugins/com.st.stm32cube.ide.mcu.externaltools.gnu-tools-for-stm32.13.3.rel1.win32_1.0.0.202411081344/tools/bin/../lib/gcc/arm-none-eabi/13.3.1/../../../../arm-none-eabi/lib/thumb/v7e-m+fp/hard\libc_nano.a(libc_a-stdio.o)
                              C:/ST/STM32CubeIDE_1.19.0/STM32CubeIDE/plugins/com.st.stm32cube.ide.mcu.externaltools.gnu-tools-for-stm32.13.3.rel1.win32_1.0.0.202411081344/tools/bin/../lib/gcc/arm-none-eabi/13.3.1/../../../../arm-none-eabi/lib/thumb/v7e-m+fp/hard\libc_nano.a(libc_a-findfp.o) (__sread)
C:/ST/STM32CubeIDE_1.19.0/STM32CubeIDE/plugins/com.st.stm32cube.ide.mcu.externaltools.gnu-tools-for-stm32.13.3.rel1.win32_1.0.0.202411081344/tools/bin/../lib/gcc/arm-none-eabi/13.3.1/../../../../arm-none-eabi/lib/thumb/v7e-m+fp/hard\libc_nano.a(libc_a-memcmp.o)
                              ./Core/Src/lcd_run.o (memcmp)
C:/ST/STM32CubeIDE_1.19.0/STM32CubeIDE/plugins/com.st.stm32cube.ide.mcu.externaltools.gnu-tools-for-stm32.13.3.rel1.win32_1.0.0.202411081344/tools/bin/../lib/gcc/arm-none-eabi/13.3.1/../../../../arm-none-eabi/lib/thumb/v7e-m+fp/hard\libc_nano.a(libc_a-memset.o)
                              C:/ST/STM32CubeIDE_1.19.0/STM32CubeIDE/plugins/com.st.stm32cube.ide.mcu.externaltools.gnu-tools-for-stm32.13.3.rel1.win32_1.0.0.202411081344/tools/bin/../lib/gcc/arm-none-eabi/13.3.1/../../../../arm-none-eabi/lib/thumb/v7e-m+fp/hard/crt0.o (memset)
C:/ST/STM32CubeIDE_1.19.0/STM32CubeIDE/plugins/com.st.stm32cube.ide.mcu.externaltools.gnu-tools-for-stm32.13.3.rel1.win32_1.0.0.202411081344/tools/bin/../lib/gcc/arm-none-eabi/13.3.1/../../../../arm-none-eabi/lib/thumb/v7e-m+fp/hard\libc_nano.a(libc_a-closer.o)
                              C:/ST/STM32CubeIDE_1.19.0/STM32CubeIDE/plugins/com.st.stm32cube.ide.mcu.externaltools.gnu-tools-for-stm32.13.3.rel1.win32_1.0.0.202411081344/tools/bin/../lib/gcc/arm-none-eabi/13.3.1/../../../../arm-none-eabi/lib/thumb/v7e-m+fp/hard\libc_nano.a(libc_a-stdio.o) (_close_r)
C:/ST/STM32CubeIDE_1.19.0/STM32CubeIDE/plugins/com.st.stm32cube.ide.mcu.externaltools.gnu-tools-for-stm32.13.3.rel1.win32_1.0.0.202411081344/tools/bin/../lib/gcc/arm-none-eabi/13.3.1/../../../../arm-none-eabi/lib/thumb/v7e-m+fp/hard\libc_nano.a(libc_a-reent.o)
                              C:/ST/STM32CubeIDE_1.19.0/STM32CubeIDE/plugins/com.st.stm32cube.ide.mcu.externaltools.gnu-tools-for-stm32.13.3.rel1.win32_1.0.0.202411081344/tools/bin/../lib/gcc/arm-none-eabi/13.3.1/../../../../arm-none-eabi/lib/thumb/v7e-m+fp/hard\libc_nano.a(libc_a-closer.o) (errno)
C:/ST/STM32CubeIDE_1.19.0/STM32CubeIDE/plugins/com.st.stm32cube.ide.mcu.externaltools.gnu-tools-for-stm32.13.3.rel1.win32_1.0.0.202411081344/tools/bin/../lib/gcc/arm-none-eabi/13.3.1/../../../../arm-none-eabi/lib/thumb/v7e-m+fp/hard\libc_nano.a(libc_a-impure.o)
                              C:/ST/STM32CubeIDE_1.19.0/STM32CubeIDE/plugins/com.st.stm32cube.ide.mcu.externaltools.gnu-tools-for-stm32.13.3.rel1.win32_1.0.0.202411081344/tools/bin/../lib/gcc/arm-none-eabi/13.3.1/../../../../arm-none-eabi/lib/thumb/v7e-m+fp/hard\libc_nano.a(libc_a-reent.o) (_impure_ptr)
[...]
Memory Configuration

Name             Origin             Length             Attributes
CCMRAM           0x10000000         0x00004000         xrw
RAM              0x20000000         0x00010000         xrw
FLASH            0x08000000         0x00080000         xr
*default*        0x00000000         0xffffffff

Linker script and memory map

LOAD C:/ST/STM32CubeIDE_1.19.0/STM32CubeIDE/plugins/com.st.stm32cube.ide.mcu.externaltools.gnu-tools-for-stm32.13.3.rel1.win32_1.0.0.202411081344/tools/bin/../lib/gcc/arm-none-eabi/13.3.1/thumb/v7e-m+fp/hard/crti.o
LOAD C:/ST/STM32CubeIDE_1.19.0/STM32CubeIDE/plugins/com.st.stm32cube.ide.mcu.externaltools.gnu-tools-for-stm32.13.3.rel1.win32_1.0.0.202411081344/tools/bin/../lib/gcc/arm-none-eabi/13.3.1/thumb/v7e-m+fp/hard/crtbegin.o
LOAD C:/ST/STM32CubeIDE_1.19.0/STM32CubeIDE/plugins/com.st.stm32cube.ide.mcu.externaltools.gnu-tools-for-stm32.13.3.rel1.win32_1.0.0.202411081344/tools/bin/../lib/gcc/arm-none-eabi/13.3.1/../../../../arm-none-eabi/lib/thumb/v7e-m+fp/hard/crt0.o
LOAD ./Core/Src/RC522.o
LOAD ./Core/Src/lcd.o
LOAD ./Core/Src/lcd_background.o
LOAD ./Core/Src/lcd_run.o
LOAD ./Core/Src/lcd_text.o
LOAD ./Core/Src/main.o
LOAD ./Core/Src/stm32f3xx_hal_msp.o
LOAD ./Core/Src/stm32f3xx_it.o
LOAD ./Core/Src/syscalls.o
LOAD ./Core/Src/sysmem.o
LOAD ./Core/Src/system_stm32f3xx.o
LOAD ./Core/Src/table_of_cards.o
LOAD ./Core/Startup/startup_stm32f303retx.o
LOAD ./Drivers/STM32F3xx_HAL_Driver/Src/stm32f3xx_hal.o
LOAD ./Drivers/STM32F3xx_HAL_Driver/Src/stm32f3xx_hal_cortex.o
LOAD ./Drivers/STM32F3xx_HAL_Driver/Src/stm32f3xx_hal_dma.o
LOAD ./Drivers/STM32F3xx_HAL_Driver/Src/stm32f3xx_hal_exti.o
LOAD ./Drivers/STM32F3xx_HAL_Driver/Src/stm32f3xx_hal_flash.o
LOAD ./Drivers/STM32F3xx_HAL_Driver/Src/stm32f3xx_hal_flash_ex.o
LOAD ./Drivers/STM32F3xx_HAL_Driver/Src/stm32f3xx_hal_gpio.o
LOAD ./Drivers/STM32F3xx_HAL_Driver/Src/stm32f3xx_hal_i2c.o
LOAD ./Drivers/STM32F3xx_HAL_Driver/Src/stm32f3xx_hal_i2c_ex.o
LOAD ./Drivers/STM32F3xx_HAL_Driver/Src/stm32f3xx_hal_pwr.o
LOAD ./Drivers/STM32F3xx_HAL_Driver/Src/stm32f3xx_hal_pwr_ex.o
LOAD ./Drivers/STM32F3xx_HAL_Driver/Src/stm32f3xx_hal_rcc.o
LOAD ./Drivers/STM32F3xx_HAL_Driver/Src/stm32f3xx_hal_rcc_ex.o
LOAD ./Drivers/STM32F3xx_HAL_Driver/Src/stm32f3xx_hal_spi.o
LOAD ./Drivers/STM32F3xx_HAL_Driver/Src/stm32f3xx_hal_spi_ex.o
LOAD ./Drivers/STM32F3xx_HAL_Driver/Src/stm32f3xx_hal_uart.o
LOAD ./Drivers/STM32F3xx_HAL_Driver/Src/stm32f3xx_hal_uart_ex.o
START GROUP
LOAD C:/ST/STM32CubeIDE_1.19.0/STM32CubeIDE/plugins/com.st.stm32cube.ide.mcu.externaltools.gnu-tools-for-stm32.13.3.rel1.win32_1.0.0.202411081344/tools/bin/../lib/gcc/arm-none-eabi/13.3.1/../../../../arm-none-eabi/lib/thumb/v7e-m+fp/hard\libc_nano.a
LOAD C:/ST/STM32CubeIDE_1.19.0/STM32CubeIDE/plugins/com.st.stm32cube.ide.mcu.externaltools.gnu-tools-for-stm32.13.3.rel1.win32_1.0.0.202411081344/tools/bin/../lib/gcc/arm-none-eabi/13.3.1/../../../../arm-none-eabi/lib/thumb/v7e-m+fp/hard\libm.a
END GROUP
START GROUP
LOAD C:/ST/STM32CubeIDE_1.19.0/STM32CubeIDE/plugins/com.st.stm32cube.ide.mcu.externaltools.gnu-tools-for-stm32.13.3.rel1.win32_1.0.0.202411081344/tools/bin/../lib/gcc/arm-none-eabi/13.3.1/thumb/v7e-m+fp/hard\libgcc.a
LOAD C:/ST/STM32CubeIDE_1.19.0/STM32CubeIDE/plugins/com.st.stm32cube.ide.mcu.externaltools.gnu-tools-for-stm32.13.3.rel1.win32_1.0.0.202411081344/tools/bin/../lib/gcc/arm-none-eabi/13.3.1/../../../../arm-none-eabi/lib/thumb/v7e-m+fp/hard\libc_nano.a
END GROUP
START GROUP
LOAD C:/ST/STM32CubeIDE_1.19.0/STM32CubeIDE/plugins/com.st.stm32cube.ide.mcu.externaltools.gnu-tools-for-stm32.13.3.rel1.win32_1.0.0.202411081344/tools/bin/../lib/gcc/arm-none-eabi/13.3.1/thumb/v7e-m+fp/hard\libgcc.a
LOAD C:/ST/STM32CubeIDE_1.19.0/STM32CubeIDE/plugins/com.st.stm32cube.ide.mcu.externaltools.gnu-tools-for-stm32.13.3.rel1.win32_1.0.0.202411081344/tools/bin/../lib/gcc/arm-none-eabi/13.3.1/../../../../arm-none-eabi/lib/thumb/v7e-m+fp/hard\libc_nano.a
LOAD C:/ST/STM32CubeIDE_1.19.0/STM32CubeIDE/plugins/com.st.stm32cube.ide.mcu.externaltools.gnu-tools-for-stm32.13.3.rel1.win32_1.0.0.202411081344/tools/bin/../lib/gcc/arm-none-eabi/13.3.1/../../../../arm-none-eabi/lib/thumb/v7e-m+fp/hard\libnosys.a
END GROUP
START GROUP
LOAD C:/ST/STM32CubeIDE_1.19.0/STM32CubeIDE/plugins/com.st.stm32cube.ide.mcu.externaltools.gnu-tools-for-stm32.13.3.rel1.win32_1.0.0.202411081344/tools/bin/../lib/gcc/arm-none-eabi/13.3.1/thumb/v7e-m+fp/hard\libgcc.a
LOAD C:/ST/STM32CubeIDE_1.19.0/STM32CubeIDE/plugins/com.st.stm32cube.ide.mcu.externaltools.gnu-tools-for-stm32.13.3.rel1.win32_1.0.0.202411081344/tools/bin/../lib/gcc/arm-none-eabi/13.3.1/../../../../arm-none-eabi/lib/thumb/v7e-m+fp/hard\libc_nano.a
LOAD C:/ST/STM32CubeIDE_1.19.0/STM32CubeIDE/plugins/com.st.stm32cube.ide.mcu.externaltools.gnu-tools-for-stm32.13.3.rel1.win32_1.0.0.202411081344/tools/bin/../lib/gcc/arm-none-eabi/13.3.1/../../../../arm-none-eabi/lib/thumb/v7e-m+fp/hard\libnosys.a
END GROUP
LOAD C:/ST/STM32CubeIDE_1.19.0/STM32CubeIDE/plugins/com.st.stm32cube.ide.mcu.externaltools.gnu-tools-for-stm32.13.3.rel1.win32_1.0.0.202411081344/tools/bin/../lib/gcc/arm-none-eabi/13.3.1/thumb/v7e-m+fp/hard/crtend.o
LOAD C:/ST/STM32CubeIDE_1.19.0/STM32CubeIDE/plugins/com.st.stm32cube.ide.mcu.externaltools.gnu-tools-for-stm32.13.3.rel1.win32_1.0.0.202411081344/tools/bin/../lib/gcc/arm-none-eabi/13.3.1/thumb/v7e-m+fp/hard/crtn.o
                0x20010000                        _estack = (ORIGIN (RAM) + LENGTH (RAM))
                0x00000200                        _Min_Heap_Size = 0x200
                0x00000400                        _Min_Stack_Size = 0x400

.isr_vector     0x08000000      0x194
                0x08000000                        . = ALIGN (0x4)
 *(.isr_vector)
 .isr_vector    0x08000000      0x194 ./Core/Startup/startup_stm32f303retx.o
                0x08000000                g_pfnVectors
                0x08000194                        . = ALIGN (0x4)

.text           0x08000194     0x44b4
                0x08000194                        . = ALIGN (0x4)
 *(.text)
 .text          0x08000194       0x40 C:/ST/STM32CubeIDE_1.19.0/STM32CubeIDE/plugins/com.st.stm32cube.ide.mcu.externaltools.gnu-tools-for-stm32.13.3.rel1.win32_1.0.0.202411081344/tools/bin/../lib/gcc/arm-none-eabi/13.3.1/thumb/v7e-m+fp/hard/crtbegin.o
 .text          0x080001d4       0x10 C:/ST/STM32CubeIDE_1.19.0/STM32CubeIDE/plugins/com.st.stm32cube.ide.mcu.externaltools.gnu-tools-for-stm32.13.3.rel1.win32_1.0.0.202411081344/tools/bin/../lib/gcc/arm-none-eabi/13.3.1/../../../../arm-none-eabi/lib/thumb/v7e-m+fp/hard\libc_nano.a(libc_a-strlen.o)
                0x080001d4                strlen
 *(.text*)
 .text.RC522_SPI_Transfer
                0x080001e4       0x2c ./Core/Src/RC522.o
                0x080001e4                RC522_SPI_Transfer
 .text.Write_MFRC522
                0x08000210       0x50 ./Core/Src/RC522.o
                0x08000210                Write_MFRC522
 .text.Read_MFRC522
                0x08000260       0x58 ./Core/Src/RC522.o
                0x08000260                Read_MFRC522
 .text.SetBitMask
                0x080002b8       0x36 ./Core/Src/RC522.o
                0x080002b8                SetBitMask
 .text.ClearBitMask
                0x080002ee       0x40 ./Core/Src/RC522.o
                0x080002ee                ClearBitMask
 .text.AntennaOn
                0x0800032e       0x16 ./Core/Src/RC522.o
                0x0800032e                AntennaOn
 .text.MFRC522_Reset
                0x08000344       0x10 ./Core/Src/RC522.o
                0x08000344                MFRC522_Reset
 .text.MFRC522_Init
                0x08000354       0x60 ./Core/Src/RC522.o
                0x08000354                MFRC522_Init
 .text.MFRC522_ToCard
                0x080003b4      0x192 ./Core/Src/RC522.o
                0x080003b4                MFRC522_ToCard
 .text.MFRC522_Request
                0x08000546       0x4a ./Core/Src/RC522.o
                0x08000546                MFRC522_Request
 .text.MFRC522_Anticoll
                0x08000590       0x7a ./Core/Src/RC522.o
                0x08000590                MFRC522_Anticoll
 *fill*         0x0800060a        0x2 
 .text.lcd_cmd  0x0800060c       0x4c ./Core/Src/lcd.o
                0x0800060c                lcd_cmd
 .text.lcd_data
                0x08000658       0x4c ./Core/Src/lcd.o
                0x08000658                lcd_data
 .text.lcd_send
                0x080006a4       0x32 ./Core/Src/lcd.o
                0x080006a4                lcd_send
 *fill*         0x080006d6        0x2 
 .text.lcd_init
                0x080006d8       0x70 ./Core/Src/lcd.o
                0x080006d8                lcd_init
 .text.lcd_data16
                0x08000748       0x2a ./Core/Src/lcd.o
                0x08000748                lcd_data16
 .text.lcd_set_window
                0x08000772       0x66 ./Core/Src/lcd.o
                0x08000772                lcd_set_window
 .text.lcd_fill_box
                0x080007d8       0x4c ./Core/Src/lcd.o
                0x080007d8                lcd_fill_box
 .text.lcd_draw_background
                0x08000824       0x68 ./Core/Src/lcd_background.o
                0x08000824                lcd_draw_background
 .text.find_card
                0x0800088c       0x60 ./Core/Src/lcd_run.o
                0x0800088c                find_card
 .text.Read_data_from_rfid
                0x080008ec      0x10c ./Core/Src/lcd_run.o
                0x080008ec                Read_data_from_rfid
 .text.lcd_draw_char
                0x080009f8       0xb4 ./Core/Src/lcd_text.o
                0x080009f8                lcd_draw_char
 .text.lcd_print
                0x08000aac       0x42 ./Core/Src/lcd_text.o
                0x08000aac                lcd_print
 .text.lcd_print_line
                0x08000aee       0x4c ./Core/Src/lcd_text.o
                0x08000aee                lcd_print_line
 .text.lcd_clear_line
                0x08000b3a       0x44 ./Core/Src/lcd_text.o
                0x08000b3a                lcd_clear_line
 .text.main     0x08000b7e       0x34 ./Core/Src/main.o
                0x08000b7e                main
 .text.SystemClock_Config
                0x08000bb2       0xbc ./Core/Src/main.o
                0x08000bb2                SystemClock_Config
 *fill*         0x08000c6e        0x2 
 .text.MX_SPI1_Init
                0x08000c70       0x7c ./Core/Src/main.o
 .text.MX_SPI2_Init
                0x08000cec       0x7c ./Core/Src/main.o
 .text.MX_USART2_UART_Init
                0x08000d68       0x60 ./Core/Src/main.o
 .text.MX_GPIO_Init
                0x08000dc8       0xfc ./Core/Src/main.o
 .text.Error_Handler
                0x08000ec4        0xc ./Core/Src/main.o
                0x08000ec4                Error_Handler
 .text.HAL_MspInit
                0x08000ed0       0x48 ./Core/Src/stm32f3xx_hal_msp.o
                0x08000ed0                HAL_MspInit
 .text.HAL_SPI_MspInit
                0x08000f18       0xec ./Core/Src/stm32f3xx_hal_msp.o
                0x08000f18                HAL_SPI_MspInit
 .text.HAL_UART_MspInit
                0x08001004       0x84 ./Core/Src/stm32f3xx_hal_msp.o
                0x08001004                HAL_UART_MspInit
 .text.NMI_Handler
                0x08001088        0x8 ./Core/Src/stm32f3xx_it.o
                0x08001088                NMI_Handler
 .text.HardFault_Handler
                0x08001090        0x8 ./Core/Src/stm32f3xx_it.o
                0x08001090                HardFault_Handler
 .text.MemManage_Handler
                0x08001098        0x8 ./Core/Src/stm32f3xx_it.o
                0x08001098                MemManage_Handler
 .text.BusFault_Handler
                0x080010a0        0x8 ./Core/Src/stm32f3xx_it.o
                0x080010a0                BusFault_Handler
 .text.UsageFault_Handler
                0x080010a8        0x8 ./Core/Src/stm32f3xx_it.o
                0x080010a8                UsageFault_Handler
 .text.SVC_Handler
                0x080010b0        0xe ./Core/Src/stm32f3xx_it.o
                0x080010b0                SVC_Handler
 .text.DebugMon_Handler
                0x080010be        0xe ./Core/Src/stm32f3xx_it.o
                0x080010be                DebugMon_Handler
 .text.PendSV_Handler
                0x080010cc        0xe ./Core/Src/stm32f3xx_it.o
                0x080010cc                PendSV_Handler
 .text.SysTick_Handler
                0x080010da        0xc ./Core/Src/stm32f3xx_it.o
                0x080010da                SysTick_Handler
 *fill*         0x080010e6        0x2 
 .text.SystemInit
                0x080010e8       0x24 ./Core/Src/system_stm32f3xx.o
                0x080010e8                SystemInit
 .text.show_cards
                0x0800110c       0x84 ./Core/Src/table_of_cards.o
                0x0800110c                show_cards
 .text.Reset_Handler
                0x08001190       0x50 ./Core/Startup/startup_stm32f303retx.o
                0x08001190                Reset_Handler
 .text.Default_Handler
                0x080011e0        0x2 ./Core/Startup/startup_stm32f303retx.o
                0x080011e0                RTC_Alarm_IRQHandler
                0x080011e0                TIM8_TRG_COM_IRQHandler
                0x080011e0                TIM8_CC_IRQHandler
                0x080011e0                SPI4_IRQHandler
                0x080011e0                TIM1_CC_IRQHandler
                0x080011e0                USB_HP_IRQHandler
                0x080011e0                PVD_IRQHandler
                0x080011e0                TAMP_STAMP_IRQHandler
                0x080011e0                EXTI3_IRQHandler
                0x080011e0                I2C3_ER_IRQHandler
                0x080011e0                USB_HP_CAN_TX_IRQHandler
                0x080011e0                EXTI0_IRQHandler
                0x080011e0                I2C2_EV_IRQHandler
                0x080011e0                FPU_IRQHandler
                0x080011e0                TIM1_UP_TIM16_IRQHandler
                0x080011e0                ADC1_2_IRQHandler
                0x080011e0                SPI1_IRQHandler
                0x080011e0                CAN_SCE_IRQHandler
                0x080011e0                TIM6_DAC_IRQHandler
                0x080011e0                TIM8_UP_IRQHandler
                0x080011e0                DMA2_Channel2_IRQHandler
                0x080011e0                DMA1_Channel4_IRQHandler
                0x080011e0                TIM20_TRG_COM_IRQHandler
                0x080011e0                USART3_IRQHandler
                0x080011e0                DMA1_Channel7_IRQHandler
                0x080011e0                UART5_IRQHandler
                0x080011e0                ADC3_IRQHandler
                0x080011e0                TIM4_IRQHandler
                0x080011e0                CAN_RX1_IRQHandler
                0x080011e0                DMA2_Channel1_IRQHandler
                0x080011e0                I2C1_EV_IRQHandler
                0x080011e0                DMA1_Channel6_IRQHandler
                0x080011e0                UART4_IRQHandler
                0x080011e0                DMA2_Channel4_IRQHandler
                0x080011e0                TIM3_IRQHandler
                0x080011e0                RCC_IRQHandler
                0x080011e0                TIM20_UP_IRQHandler
                0x080011e0                DMA1_Channel1_IRQHandler
                0x080011e0                Default_Handler
                0x080011e0                USBWakeUp_RMP_IRQHandler
                0x080011e0                EXTI15_10_IRQHandler
                0x080011e0                TIM7_IRQHandler
                0x080011e0                I2C3_EV_IRQHandler
                0x080011e0                EXTI9_5_IRQHandler
                0x080011e0                RTC_WKUP_IRQHandler
                0x080011e0                SPI2_IRQHandler
                0x080011e0                USB_LP_CAN_RX0_IRQHandler
                0x080011e0                DMA2_Channel5_IRQHandler
                0x080011e0                DMA1_Channel5_IRQHandler
                0x080011e0                USB_LP_IRQHandler
                0x080011e0                EXTI4_IRQHandler
                0x080011e0                TIM1_TRG_COM_TIM17_IRQHandler
                0x080011e0                DMA1_Channel3_IRQHandler
                0x080011e0                ADC4_IRQHandler
                0x080011e0                WWDG_IRQHandler
                0x080011e0                TIM2_IRQHandler
                0x080011e0                COMP7_IRQHandler
                0x080011e0                COMP1_2_3_IRQHandler
                0x080011e0                EXTI1_IRQHandler
                0x080011e0                USART2_IRQHandler
                0x080011e0                COMP4_5_6_IRQHandler
                0x080011e0                TIM20_BRK_IRQHandler
                0x080011e0                I2C2_ER_IRQHandler
                0x080011e0                DMA1_Channel2_IRQHandler
                0x080011e0                TIM8_BRK_IRQHandler
                0x080011e0                FLASH_IRQHandler
                0x080011e0                TIM20_CC_IRQHandler
                0x080011e0                USART1_IRQHandler
                0x080011e0                SPI3_IRQHandler
                0x080011e0                I2C1_ER_IRQHandler
                0x080011e0                FMC_IRQHandler
                0x080011e0                USBWakeUp_IRQHandler
                0x080011e0                DMA2_Channel3_IRQHandler
                0x080011e0                EXTI2_TSC_IRQHandler
                0x080011e0                TIM1_BRK_TIM15_IRQHandler
 *fill*         0x080011e2        0x2 
 .text.HAL_Init
                0x080011e4       0x2c ./Drivers/STM32F3xx_HAL_Driver/Src/stm32f3xx_hal.o
                0x080011e4                HAL_Init
 .text.HAL_InitTick
                0x08001210       0x60 ./Drivers/STM32F3xx_HAL_Driver/Src/stm32f3xx_hal.o
                0x08001210                HAL_InitTick
 .text.HAL_IncTick
                0x08001270       0x28 ./Drivers/STM32F3xx_HAL_Driver/Src/stm32f3xx_hal.o
                0x08001270                HAL_IncTick
 .text.HAL_GetTick
                0x08001298       0x18 ./Drivers/STM32F3xx_HAL_Driver/Src/stm32f3xx_hal.o
                0x08001298                HAL_GetTick
 .text.HAL_Delay
                0x080012b0       0x48 ./Drivers/STM32F3xx_HAL_Driver/Src/stm32f3xx_hal.o
                0x080012b0                HAL_Delay
 .text.__NVIC_SetPriorityGrouping
                0x080012f8       0x48 ./Drivers/STM32F3xx_HAL_Driver/Src/stm32f3xx_hal_cortex.o
 .text.__NVIC_GetPriorityGrouping
                0x08001340       0x1c ./Drivers/STM32F3xx_HAL_Driver/Src/stm32f3xx_hal_cortex.o
 .text.__NVIC_SetPriority
                0x0800135c       0x54 ./Drivers/STM32F3xx_HAL_Driver/Src/stm32f3xx_hal_cortex.o
 .text.NVIC_EncodePriority
                0x080013b0       0x66 ./Drivers/STM32F3xx_HAL_Driver/Src/stm32f3xx_hal_cortex.o
 *fill*         0x08001416        0x2 
 .text.SysTick_Config
                0x08001418       0x44 ./Drivers/STM32F3xx_HAL_Driver/Src/stm32f3xx_hal_cortex.o
 .text.HAL_NVIC_SetPriorityGrouping
                0x0800145c       0x16 ./Drivers/STM32F3xx_HAL_Driver/Src/stm32f3xx_hal_cortex.o
                0x0800145c                HAL_NVIC_SetPriorityGrouping
 .text.HAL_NVIC_SetPriority
                0x08001472       0x38 ./Drivers/STM32F3xx_HAL_Driver/Src/stm32f3xx_hal_cortex.o
                0x08001472                HAL_NVIC_SetPriority
 .text.HAL_SYSTICK_Config
                0x080014aa       0x18 ./Drivers/STM32F3xx_HAL_Driver/Src/stm32f3xx_hal_cortex.o
                0x080014aa                HAL_SYSTICK_Config
 *fill*         0x080014c2        0x2 
 .text.HAL_GPIO_Init
                0x080014c4      0x314 ./Drivers/STM32F3xx_HAL_Driver/Src/stm32f3xx_hal_gpio.o
                0x080014c4                HAL_GPIO_Init
 .text.HAL_GPIO_ReadPin
                0x080017d8       0x30 ./Drivers/STM32F3xx_HAL_Driver/Src/stm32f3xx_hal_gpio.o
                0x080017d8                HAL_GPIO_ReadPin
 .text.HAL_GPIO_WritePin
                0x08001808       0x30 ./Drivers/STM32F3xx_HAL_Driver/Src/stm32f3xx_hal_gpio.o
                0x08001808                HAL_GPIO_WritePin
 .text.HAL_RCC_OscConfig
                0x08001838     0x1048 ./Drivers/STM32F3xx_HAL_Driver/Src/stm32f3xx_hal_rcc.o
                0x08001838                HAL_RCC_OscConfig
 .text.HAL_RCC_ClockConfig
                0x08002880      0x2dc ./Drivers/STM32F3xx_HAL_Driver/Src/stm32f3xx_hal_rcc.o
                0x08002880                HAL_RCC_ClockConfig
 .text.HAL_RCC_GetSysClockFreq
                0x08002b5c       0xa8 ./Drivers/STM32F3xx_HAL_Driver/Src/stm32f3xx_hal_rcc.o
                0x08002b5c                HAL_RCC_GetSysClockFreq
 .text.HAL_RCC_GetHCLKFreq
                0x08002c04       0x18 ./Drivers/STM32F3xx_HAL_Driver/Src/stm32f3xx_hal_rcc.o
                0x08002c04                HAL_RCC_GetHCLKFreq
 .text.HAL_RCC_GetPCLK1Freq
                0x08002c1c       0x44 ./Drivers/STM32F3xx_HAL_Driver/Src/stm32f3xx_hal_rcc.o
                0x08002c1c                HAL_RCC_GetPCLK1Freq
 .text.HAL_RCC_GetPCLK2Freq
                0x08002c60       0x44 ./Drivers/STM32F3xx_HAL_Driver/Src/stm32f3xx_hal_rcc.o
                0x08002c60                HAL_RCC_GetPCLK2Freq
 .text.HAL_RCCEx_PeriphCLKConfig
                0x08002ca4      0x438 ./Drivers/STM32F3xx_HAL_Driver/Src/stm32f3xx_hal_rcc_ex.o
                0x08002ca4                HAL_RCCEx_PeriphCLKConfig
 .text.HAL_SPI_Init
                0x080030dc      0x156 ./Drivers/STM32F3xx_HAL_Driver/Src/stm32f3xx_hal_spi.o
                0x080030dc                HAL_SPI_Init
 .text.HAL_SPI_Transmit
                0x08003232      0x2ea ./Drivers/STM32F3xx_HAL_Driver/Src/stm32f3xx_hal_spi.o
                0x08003232                HAL_SPI_Transmit
 .text.HAL_SPI_TransmitReceive
                0x0800351c      0x444 ./Drivers/STM32F3xx_HAL_Driver/Src/stm32f3xx_hal_spi.o
                0x0800351c                HAL_SPI_TransmitReceive
 .text.SPI_WaitFlagStateUntilTimeout
                0x08003960      0x110 ./Drivers/STM32F3xx_HAL_Driver/Src/stm32f3xx_hal_spi.o
 .text.SPI_WaitFifoStateUntilTimeout
                0x08003a70      0x12c ./Drivers/STM32F3xx_HAL_Driver/Src/stm32f3xx_hal_spi.o
 .text.SPI_EndRxTxTransaction
                0x08003b9c       0x8c ./Drivers/STM32F3xx_HAL_Driver/Src/stm32f3xx_hal_spi.o
 .text.HAL_UART_Init
                0x08003c28       0x9c ./Drivers/STM32F3xx_HAL_Driver/Src/stm32f3xx_hal_uart.o
                0x08003c28                HAL_UART_Init
 .text.HAL_UART_Transmit
                0x08003cc4      0x112 ./Drivers/STM32F3xx_HAL_Driver/Src/stm32f3xx_hal_uart.o
                0x08003cc4                HAL_UART_Transmit
 *fill*         0x08003dd6        0x2 
 .text.UART_SetConfig
                0x08003dd8      0x3a8 ./Drivers/STM32F3xx_HAL_Driver/Src/stm32f3xx_hal_uart.o
                0x08003dd8                UART_SetConfig
 .text.UART_AdvFeatureConfig
                0x08004180      0x144 ./Drivers/STM32F3xx_HAL_Driver/Src/stm32f3xx_hal_uart.o
                0x08004180                UART_AdvFeatureConfig
 .text.UART_CheckIdleState
                0x080042c4      0x150 ./Drivers/STM32F3xx_HAL_Driver/Src/stm32f3xx_hal_uart.o
                0x080042c4                UART_CheckIdleState
 .text.UART_WaitOnFlagUntilTimeout
                0x08004414       0xda ./Drivers/STM32F3xx_HAL_Driver/Src/stm32f3xx_hal_uart.o
                0x08004414                UART_WaitOnFlagUntilTimeout
 .text.UART_EndRxTransfer
                0x080044ee       0xc8 ./Drivers/STM32F3xx_HAL_Driver/Src/stm32f3xx_hal_uart.o
 .text.memcmp   0x080045b6       0x20 C:/ST/STM32CubeIDE_1.19.0/STM32CubeIDE/plugins/com.st.stm32cube.ide.mcu.externaltools.gnu-tools-for-stm32.13.3.rel1.win32_1.0.0.202411081344/tools/bin/../lib/gcc/arm-none-eabi/13.3.1/../../../../arm-none-eabi/lib/thumb/v7e-m+fp/hard\libc_nano.a(libc_a-memcmp.o)
                0x080045b6                memcmp
 .text.memset   0x080045d6       0x10 C:/ST/STM32CubeIDE_1.19.0/STM32CubeIDE/plugins/com.st.stm32cube.ide.mcu.externaltools.gnu-tools-for-stm32.13.3.rel1.win32_1.0.0.202411081344/tools/bin/../lib/gcc/arm-none-eabi/13.3.1/../../../../arm-none-eabi/lib/thumb/v7e-m+fp/hard\libc_nano.a(libc_a-memset.o)
                0x080045d6                memset
 *fill*         0x080045e6        0x2 
 .text.__libc_init_array
                0x080045e8       0x48 C:/ST/STM32CubeIDE_1.19.0/STM32CubeIDE/plugins/com.st.stm32cube.ide.mcu.externaltools.gnu-tools-for-stm32.13.3.rel1.win32_1.0.0.202411081344/tools/bin/../lib/gcc/arm-none-eabi/13.3.1/../../../../arm-none-eabi/lib/thumb/v7e-m+fp/hard\libc_nano.a(libc_a-init.o)
                0x080045e8                __libc_init_array
 *(.glue_7)
 .glue_7        0x08004630        0x0 linker stubs
 *(.glue_7t)
 .glue_7t       0x08004630        0x0 linker stubs
 *(.eh_frame)
 .eh_frame      0x08004630        0x0 C:/ST/STM32CubeIDE_1.19.0/STM32CubeIDE/plugins/com.st.stm32cube.ide.mcu.externaltools.gnu-tools-for-stm32.13.3.rel1.win32_1.0.0.202411081344/tools/bin/../lib/gcc/arm-none-eabi/13.3.1/thumb/v7e-m+fp/hard/crtbegin.o
 *(.init)
 .init          0x08004630        0x4 C:/ST/STM32CubeIDE_1.19.0/STM32CubeIDE/plugins/com.st.stm32cube.ide.mcu.externaltools.gnu-tools-for-stm32.13.3.rel1.win32_1.0.0.202411081344/tools/bin/../lib/gcc/arm-none-eabi/13.3.1/thumb/v7e-m+fp/hard/crti.o
                0x08004630                _init
 .init          0x08004634        0x8 C:/ST/STM32CubeIDE_1.19.0/STM32CubeIDE/plugins/com.st.stm32cube.ide.mcu.externaltools.gnu-tools-for-stm32.13.3.rel1.win32_1.0.0.202411081344/tools/bin/../lib/gcc/arm-none-eabi/13.3.1/thumb/v7e-m+fp/hard/crtn.o
 *(.fini)
 .fini          0x0800463c        0x4 C:/ST/STM32CubeIDE_1.19.0/STM32CubeIDE/plugins/com.st.stm32cube.ide.mcu.externaltools.gnu-tools-for-stm32.13.3.rel1.win32_1.0.0.202411081344/tools/bin/../lib/gcc/arm-none-eabi/13.3.1/thumb/v7e-m+fp/hard/crti.o
                0x0800463c                _fini
 .fini          0x08004640        0x8 C:/ST/STM32CubeIDE_1.19.0/STM32CubeIDE/plugins/com.st.stm32cube.ide.mcu.externaltools.gnu-tools-for-stm32.13.3.rel1.win32_1.0.0.202411081344/tools/bin/../lib/gcc/arm-none-eabi/13.3.1/thumb/v7e-m+fp/hard/crtn.o
                0x08004648                        . = ALIGN (0x4)
                0x08004648                        _etext = .

.vfp11_veneer   0x08004648        0x0
 .vfp11_veneer  0x08004648        0x0 linker stubs

.v4_bx          0x08004648        0x0
 .v4_bx         0x08004648        0x0 linker stubs

.iplt           0x08004648        0x0
 .iplt          0x08004648        0x0 C:/ST/STM32CubeIDE_1.19.0/STM32CubeIDE/plugins/com.st.stm32cube.ide.mcu.externaltools.gnu-tools-for-stm32.13.3.rel1.win32_1.0.0.202411081344/tools/bin/../lib/gcc/arm-none-eabi/13.3.1/thumb/v7e-m+fp/hard/crtbegin.o

.rodata         0x08004648      0x59c
                0x08004648                        . = ALIGN (0x4)
 *(.rodata)
 .rodata        0x08004648       0x31 ./Core/Src/lcd_run.o
 *fill*         0x08004679        0x3 
 .rodata        0x0800467c       0x13 ./Core/Src/table_of_cards.o
 *(.rodata*)
 *fill*         0x0800468f        0x1 
 .rodata.init_table
                0x08004690       0x98 ./Core/Src/lcd.o
 .rodata.cards_count
                0x08004728        0x1 ./Core/Src/lcd_run.o
                0x08004728                cards_count
 *fill*         0x08004729        0x3 
 .rodata.font12x16
                0x0800472c      0x480 ./Core/Src/lcd_text.o
 .rodata.AHBPrescTable
                0x08004bac       0x10 ./Core/Src/system_stm32f3xx.o
                0x08004bac                AHBPrescTable
 .rodata.APBPrescTable
                0x08004bbc        0x8 ./Core/Src/system_stm32f3xx.o
                0x08004bbc                APBPrescTable
 .rodata.aPLLMULFactorTable
                0x08004bc4       0x10 ./Drivers/STM32F3xx_HAL_Driver/Src/stm32f3xx_hal_rcc.o
 .rodata.aPredivFactorTable
                0x08004bd4       0x10 ./Drivers/STM32F3xx_HAL_Driver/Src/stm32f3xx_hal_rcc.o
                0x08004be4                        . = ALIGN (0x4)

.ARM.extab      0x08004be4        0x0
                0x08004be4                        . = ALIGN (0x4)
 *(.ARM.extab* .gnu.linkonce.armextab.*)
                0x08004be4                        . = ALIGN (0x4)

.ARM            0x08004be4        0x8
                0x08004be4                        . = ALIGN (0x4)
                0x08004be4                        __exidx_start = .
 *(.ARM.exidx*)
 .ARM.exidx     0x08004be4        0x8 C:/ST/STM32CubeIDE_1.19.0/STM32CubeIDE/plugins/com.st.stm32cube.ide.mcu.externaltools.gnu-tools-for-stm32.13.3.rel1.win32_1.0.0.202411081344/tools/bin/../lib/gcc/arm-none-eabi/13.3.1/../../../../arm-none-eabi/lib/thumb/v7e-m+fp/hard\libc_nano.a(libc_a-strlen.o)
                0x08004bec                        __exidx_end = .
                0x08004bec                        . = ALIGN (0x4)

.preinit_array  0x08004bec        0x0
                0x08004bec                        . = ALIGN (0x4)
                0x08004bec                        PROVIDE (__preinit_array_start = .)
 *(.preinit_array*)
                0x08004bec                        PROVIDE (__preinit_array_end = .)
                0x08004bec                        . = ALIGN (0x4)

.init_array     0x08004bec        0x4
                0x08004bec                        . = ALIGN (0x4)
                0x08004bec                        PROVIDE (__init_array_start = .)
 *(SORT_BY_NAME(.init_array.*))
 *(.init_array*)
 .init_array    0x08004bec        0x4 C:/ST/STM32CubeIDE_1.19.0/STM32CubeIDE/plugins/com.st.stm32cube.ide.mcu.externaltools.gnu-tools-for-stm32.13.3.rel1.win32_1.0.0.202411081344/tools/bin/../lib/gcc/arm-none-eabi/13.3.1/thumb/v7e-m+fp/hard/crtbegin.o
                0x08004bf0                        PROVIDE (__init_array_end = .)
                0x08004bf0                        . = ALIGN (0x4)

.fini_array     0x08004bf0        0x4
                0x08004bf0                        . = ALIGN (0x4)
                [!provide]                        PROVIDE (__fini_array_start = .)
 *(SORT_BY_NAME(.fini_array.*))
 *(.fini_array*)
 .fini_array    0x08004bf0        0x4 C:/ST/STM32CubeIDE_1.19.0/STM32CubeIDE/plugins/com.st.stm32cube.ide.mcu.externaltools.gnu-tools-for-stm32.13.3.rel1.win32_1.0.0.202411081344/tools/bin/../lib/gcc/arm-none-eabi/13.3.1/thumb/v7e-m+fp/hard/crtbegin.o
                [!provide]                        PROVIDE (__fini_array_end = .)
                0x08004bf4                        . = ALIGN (0x4)
                0x08004bf4                        _sidata = LOADADDR (.data)

.rel.dyn        0x08004bf4        0x0
 .rel.iplt      0x08004bf4        0x0 C:/ST/STM32CubeIDE_1.19.0/STM32CubeIDE/plugins/com.st.stm32cube.ide.mcu.externaltools.gnu-tools-for-stm32.13.3.rel1.win32_1.0.0.202411081344/tools/bin/../lib/gcc/arm-none-eabi/13.3.1/thumb/v7e-m+fp/hard/crtbegin.o

.data           0x20000000       0x3c load address 0x08004bf4
                0x20000000                        . = ALIGN (0x4)
                0x20000000                        _sdata = .
 *(.data)
 *(.data*)
 .data.cards    0x20000000       0x2a ./Core/Src/lcd_run.o
                0x20000000                cards
 *fill*         0x2000002a        0x2 
 .data.msg1     0x2000002c        0x4 ./Core/Src/lcd_run.o
                0x2000002c                msg1
 .data.SystemCoreClock
                0x20000030        0x4 ./Core/Src/system_stm32f3xx.o
                0x20000030                SystemCoreClock
 .data.uwTickPrio
                0x20000034        0x4 ./Drivers/STM32F3xx_HAL_Driver/Src/stm32f3xx_hal.o
                0x20000034                uwTickPrio
 .data.uwTickFreq
                0x20000038        0x1 ./Drivers/STM32F3xx_HAL_Driver/Src/stm32f3xx_hal.o
                0x20000038                uwTickFreq
 *(.RamFunc)
 *(.RamFunc*)
                0x2000003c                        . = ALIGN (0x4)
 *fill*         0x20000039        0x3 
                0x2000003c                        _edata = .
                0x08004c30                        _siccmram = LOADADDR (.ccmram)

.igot.plt       0x2000003c        0x0 load address 0x08004c30
 .igot.plt      0x2000003c        0x0 C:/ST/STM32CubeIDE_1.19.0/STM32CubeIDE/plugins/com.st.stm32cube.ide.mcu.externaltools.gnu-tools-for-stm32.13.3.rel1.win32_1.0.0.202411081344/tools/bin/../lib/gcc/arm-none-eabi/13.3.1/thumb/v7e-m+fp/hard/crtbegin.o

.ccmram         0x10000000        0x0 load address 0x08004c30
                0x10000000                        . = ALIGN (0x4)
                0x10000000                        _sccmram = .
 *(.ccmram)
 *(.ccmram*)
                0x10000000                        . = ALIGN (0x4)
                0x10000000                        _eccmram = .
                0x10000000                        . = ALIGN (0x4)

.bss            0x2000003c      0x198
                0x2000003c                        _sbss = .
                0x2000003c                        __bss_start__ = _sbss
 *(.bss)
 .bss           0x2000003c       0x1c C:/ST/STM32CubeIDE_1.19.0/STM32CubeIDE/plugins/com.st.stm32cube.ide.mcu.externaltools.gnu-tools-for-stm32.13.3.rel1.win32_1.0.0.202411081344/tools/bin/../lib/gcc/arm-none-eabi/13.3.1/thumb/v7e-m+fp/hard/crtbegin.o
 *(.bss*)
 .bss.last_read_time
                0x20000058        0x4 ./Core/Src/lcd_run.o
                0x20000058                last_read_time
 .bss.last_UID  0x2000005c        0x5 ./Core/Src/lcd_run.o
                0x2000005c                last_UID
 *fill*         0x20000061        0x3 
 .bss.str       0x20000064       0x10 ./Core/Src/lcd_run.o
                0x20000064                str
 .bss.status    0x20000074        0x1 ./Core/Src/lcd_run.o
                0x20000074                status
 *fill*         0x20000075        0x3 
 .bss.sNum      0x20000078        0x5 ./Core/Src/lcd_run.o
                0x20000078                sNum
 *fill*         0x2000007d        0x3 
 .bss.hspi1     0x20000080       0x64 ./Core/Src/main.o
                0x20000080                hspi1
 .bss.hspi2     0x200000e4       0x64 ./Core/Src/main.o
                0x200000e4                hspi2
 .bss.huart2    0x20000148       0x88 ./Core/Src/main.o
                0x20000148                huart2
 .bss.uwTick    0x200001d0        0x4 ./Drivers/STM32F3xx_HAL_Driver/Src/stm32f3xx_hal.o
                0x200001d0                uwTick
 *(COMMON)
                0x200001d4                        . = ALIGN (0x4)
                0x200001d4                        _ebss = .
                0x200001d4                        __bss_end__ = _ebss

._user_heap_stack
                0x200001d4      0x604
                0x200001d8                        . = ALIGN (0x8)
 *fill*         0x200001d4        0x4 
                [!provide]                        PROVIDE (end = .)
                0x200001d8                        PROVIDE (_end = .)
                0x200003d8                        . = (. + _Min_Heap_Size)
 *fill*         0x200001d8      0x200 
                0x200007d8                        . = (. + _Min_Stack_Size)
 *fill*         0x200003d8      0x400 
                0x200007d8                        . = ALIGN (0x8)

/DISCARD/
 libc.a(*)
 libm.a(*)
 libgcc.a(*)

.ARM.attributes
                0x00000000       0x30
 *(.ARM.attributes)
 .ARM.attributes
                0x00000000       0x22 C:/ST/STM32CubeIDE_1.19.0/STM32CubeIDE/plugins/com.st.stm32cube.ide.mcu.externaltools.gnu-tools-for-stm32.13.3.rel1.win32_1.0.0.202411081344/tools/bin/../lib/gcc/arm-none-eabi/13.3.1/thumb/v7e-m+fp/hard/crti.o
 .ARM.attributes
                0x00000022       0x34 C:/ST/STM32CubeIDE_1.19.0/STM32CubeIDE/plugins/com.st.stm32cube.ide.mcu.externaltools.gnu-tools-for-stm32.13.3.rel1.win32_1.0.0.202411081344/tools/bin/../lib/gcc/arm-none-eabi/13.3.1/thumb/v7e-m+fp/hard/crtbegin.o
 .ARM.attributes
                0x00000056       0x34 ./Core/Src/RC522.o
 .ARM.attributes
                0x0000008a       0x34 ./Core/Src/lcd.o
 .ARM.attributes
                0x000000be       0x34 ./Core/Src/lcd_background.o
 .ARM.attributes
                0x000000f2       0x34 ./Core/Src/lcd_run.o
 .ARM.attributes
                0x00000126       0x34 ./Core/Src/lcd_text.o
 .ARM.attributes
                0x0000015a       0x34 ./Core/Src/main.o
 .ARM.attributes
                0x0000018e       0x34 ./Core/Src/stm32f3xx_hal_msp.o
 .ARM.attributes
                0x000001c2       0x34 ./Core/Src/stm32f3xx_it.o
 .ARM.attributes
                0x000001f6       0x34 ./Core/Src/system_stm32f3xx.o
 .ARM.attributes
                0x0000022a       0x34 ./Core/Src/table_of_cards.o
 .ARM.attributes
                0x0000025e       0x21 ./Core/Startup/startup_stm32f303retx.o
 .ARM.attributes
                0x0000027f       0x34 ./Drivers/STM32F3xx_HAL_Driver/Src/stm32f3xx_hal.o
 .ARM.attributes
                0x000002b3       0x34 ./Drivers/STM32F3xx_HAL_Driver/Src/stm32f3xx_hal_cortex.o
 .ARM.attributes
                0x000002e7       0x34 ./Drivers/STM32F3xx_HAL_Driver/Src/stm32f3xx_hal_gpio.o
 .ARM.attributes
                0x0000031b       0x34 ./Drivers/STM32F3xx_HAL_Driver/Src/stm32f3xx_hal_rcc.o
 .ARM.attributes
                0x0000034f       0x34 ./Drivers/STM32F3xx_HAL_Driver/Src/stm32f3xx_hal_rcc_ex.o
 .ARM.attributes
                0x00000383       0x34 ./Drivers/STM32F3xx_HAL_Driver/Src/stm32f3xx_hal_spi.o
 .ARM.attributes
                0x000003b7       0x34 ./Drivers/STM32F3xx_HAL_Driver/Src/stm32f3xx_hal_uart.o
 .ARM.attributes
                0x000003eb       0x34 C:/ST/STM32CubeIDE_1.19.0/STM32CubeIDE/plugins/com.st.stm32cube.ide.mcu.externaltools.gnu-tools-for-stm32.13.3.rel1.win32_1.0.0.202411081344/tools/bin/../lib/gcc/arm-none-eabi/13.3.1/../../../../arm-none-eabi/lib/thumb/v7e-m+fp/hard\libc_nano.a(libc_a-memcmp.o)
 .ARM.attributes
                0x0000041f       0x34 C:/ST/STM32CubeIDE_1.19.0/STM32CubeIDE/plugins/com.st.stm32cube.ide.mcu.externaltools.gnu-tools-for-stm32.13.3.rel1.win32_1.0.0.202411081344/tools/bin/../lib/gcc/arm-none-eabi/13.3.1/../../../../arm-none-eabi/lib/thumb/v7e-m+fp/hard\libc_nano.a(libc_a-memset.o)
 .ARM.attributes
                0x00000453       0x34 C:/ST/STM32CubeIDE_1.19.0/STM32CubeIDE/plugins/com.st.stm32cube.ide.mcu.externaltools.gnu-tools-for-stm32.13.3.rel1.win32_1.0.0.202411081344/tools/bin/../lib/gcc/arm-none-eabi/13.3.1/../../../../arm-none-eabi/lib/thumb/v7e-m+fp/hard\libc_nano.a(libc_a-init.o)
 .ARM.attributes
                0x00000487       0x17 C:/ST/STM32CubeIDE_1.19.0/STM32CubeIDE/plugins/com.st.stm32cube.ide.mcu.externaltools.gnu-tools-for-stm32.13.3.rel1.win32_1.0.0.202411081344/tools/bin/../lib/gcc/arm-none-eabi/13.3.1/../../../../arm-none-eabi/lib/thumb/v7e-m+fp/hard\libc_nano.a(libc_a-strlen.o)
 .ARM.attributes
                0x0000049e       0x22 C:/ST/STM32CubeIDE_1.19.0/STM32CubeIDE/plugins/com.st.stm32cube.ide.mcu.externaltools.gnu-tools-for-stm32.13.3.rel1.win32_1.0.0.202411081344/tools/bin/../lib/gcc/arm-none-eabi/13.3.1/thumb/v7e-m+fp/hard/crtn.o
OUTPUT(rfid-rc522.elf elf32-littlearm)
LOAD linker stubs
LOAD C:/ST/STM32CubeIDE_1.19.0/STM32CubeIDE/plugins/com.st.stm32cube.ide.mcu.externaltools.gnu-tools-for-stm32.13.3.rel1.win32_1.0.0.202411081344/tools/bin/../lib/gcc/arm-none-eabi/13.3.1/../../../../arm-none-eabi/lib/thumb/v7e-m+fp/hard\libc.a
LOAD C:/ST/STM32CubeIDE_1.19.0/STM32CubeIDE/plugins/com.st.stm32cube.ide.mcu.externaltools.gnu-tools-for-stm32.13.3.rel1.win32_1.0.0.202411081344/tools/bin/../lib/gcc/arm-none-eabi/13.3.1/../../../../arm-none-eabi/lib/thumb/v7e-m+fp/hard\libm.a
LOAD C:/ST/STM32CubeIDE_1.19.0/STM32CubeIDE/plugins/com.st.stm32cube.ide.mcu.externaltools.gnu-tools-for-stm32.13.3.rel1.win32_1.0.0.202411081344/tools/bin/../lib/gcc/arm-none-eabi/13.3.1/thumb/v7e-m+fp/hard\libgcc.a

.debug_info     0x00000000     0xcbe6
 .debug_info    0x00000000      0xc26 ./Core/Src/RC522.o
 .debug_info    0x00000c26      0x85c ./Core/Src/lcd.o
 .debug_info    0x00001482       0xf7 ./Core/Src/lcd_background.o
 .debug_info    0x00001579      0x8d3 ./Core/Src/lcd_run.o
 .debug_info    0x00001e4c      0x303 ./Core/Src/lcd_text.o
 .debug_info    0x0000214f     0x1038 ./Core/Src/main.o
 .debug_info    0x00003187      0xc56 ./Core/Src/stm32f3xx_hal_msp.o
 .debug_info    0x00003ddd      0x113 ./Core/Src/stm32f3xx_it.o
 .debug_info    0x00003ef0      0x407 ./Core/Src/system_stm32f3xx.o
 .debug_info    0x000042f7      0x282 ./Core/Src/table_of_cards.o
 .debug_info    0x00004579       0x30 ./Core/Startup/startup_stm32f303retx.o
 .debug_info    0x000045a9      0x804 ./Drivers/STM32F3xx_HAL_Driver/Src/stm32f3xx_hal.o
 .debug_info    0x00004dad      0xd14 ./Drivers/STM32F3xx_HAL_Driver/Src/stm32f3xx_hal_cortex.o
 .debug_info    0x00005ac1      0x6a6 ./Drivers/STM32F3xx_HAL_Driver/Src/stm32f3xx_hal_gpio.o
 .debug_info    0x00006167     0x149a ./Drivers/STM32F3xx_HAL_Driver/Src/stm32f3xx_hal_rcc.o
 .debug_info    0x00007601      0x61b ./Drivers/STM32F3xx_HAL_Driver/Src/stm32f3xx_hal_rcc_ex.o
 .debug_info    0x00007c1c     0x1622 ./Drivers/STM32F3xx_HAL_Driver/Src/stm32f3xx_hal_spi.o
 .debug_info    0x0000923e     0x39a8 ./Drivers/STM32F3xx_HAL_Driver/Src/stm32f3xx_hal_uart.o

.debug_abbrev   0x00000000     0x215b
 .debug_abbrev  0x00000000      0x29b ./Core/Src/RC522.o
 .debug_abbrev  0x0000029b      0x1eb ./Core/Src/lcd.o
 .debug_abbrev  0x00000486       0x97 ./Core/Src/lcd_background.o
 .debug_abbrev  0x0000051d      0x230 ./Core/Src/lcd_run.o
 .debug_abbrev  0x0000074d      0x12b ./Core/Src/lcd_text.o
 .debug_abbrev  0x00000878      0x2b6 ./Core/Src/main.o
 .debug_abbrev  0x00000b2e      0x1a8 ./Core/Src/stm32f3xx_hal_msp.o
 .debug_abbrev  0x00000cd6       0x73 ./Core/Src/stm32f3xx_it.o
 .debug_abbrev  0x00000d49      0x11a ./Core/Src/system_stm32f3xx.o
 .debug_abbrev  0x00000e63      0x17c ./Core/Src/table_of_cards.o
 .debug_abbrev  0x00000fdf       0x24 ./Core/Startup/startup_stm32f303retx.o
 .debug_abbrev  0x00001003      0x215 ./Drivers/STM32F3xx_HAL_Driver/Src/stm32f3xx_hal.o
 .debug_abbrev  0x00001218      0x31e ./Drivers/STM32F3xx_HAL_Driver/Src/stm32f3xx_hal_cortex.o
 .debug_abbrev  0x00001536      0x1ca ./Drivers/STM32F3xx_HAL_Driver/Src/stm32f3xx_hal_gpio.o
 .debug_abbrev  0x00001700      0x300 ./Drivers/STM32F3xx_HAL_Driver/Src/stm32f3xx_hal_rcc.o
 .debug_abbrev  0x00001a00      0x221 ./Drivers/STM32F3xx_HAL_Driver/Src/stm32f3xx_hal_rcc_ex.o
 .debug_abbrev  0x00001c21      0x269 ./Drivers/STM32F3xx_HAL_Driver/Src/stm32f3xx_hal_spi.o
 .debug_abbrev  0x00001e8a      0x2d1 ./Drivers/STM32F3xx_HAL_Driver/Src/stm32f3xx_hal_uart.o

.debug_aranges  0x00000000      0xa08
 .debug_aranges
                0x00000000       0xa8 ./Core/Src/RC522.o
 .debug_aranges
                0x000000a8       0x50 ./Core/Src/lcd.o
 .debug_aranges
                0x000000f8       0x20 ./Core/Src/lcd_background.o
 .debug_aranges
                0x00000118       0x28 ./Core/Src/lcd_run.o
 .debug_aranges
                0x00000140       0x40 ./Core/Src/lcd_text.o
 .debug_aranges
                0x00000180       0x58 ./Core/Src/main.o
 .debug_aranges
                0x000001d8       0x40 ./Core/Src/stm32f3xx_hal_msp.o
 .debug_aranges
                0x00000218       0x60 ./Core/Src/stm32f3xx_it.o
 .debug_aranges
                0x00000278       0x28 ./Core/Src/system_stm32f3xx.o
 .debug_aranges
                0x000002a0       0x20 ./Core/Src/table_of_cards.o
 .debug_aranges
                0x000002c0       0x28 ./Core/Startup/startup_stm32f303retx.o
 .debug_aranges
                0x000002e8       0xe0 ./Drivers/STM32F3xx_HAL_Driver/Src/stm32f3xx_hal.o
 .debug_aranges
                0x000003c8      0x128 ./Drivers/STM32F3xx_HAL_Driver/Src/stm32f3xx_hal_cortex.o
 .debug_aranges
                0x000004f0       0x58 ./Drivers/STM32F3xx_HAL_Driver/Src/stm32f3xx_hal_gpio.o
 .debug_aranges
                0x00000548       0x88 ./Drivers/STM32F3xx_HAL_Driver/Src/stm32f3xx_hal_rcc.o
 .debug_aranges
                0x000005d0       0x38 ./Drivers/STM32F3xx_HAL_Driver/Src/stm32f3xx_hal_rcc_ex.o
 .debug_aranges
                0x00000608      0x1d8 ./Drivers/STM32F3xx_HAL_Driver/Src/stm32f3xx_hal_spi.o
 .debug_aranges
                0x000007e0      0x228 ./Drivers/STM32F3xx_HAL_Driver/Src/stm32f3xx_hal_uart.o

.debug_rnglists
                0x00000000      0x7a1
 .debug_rnglists
                0x00000000       0x7e ./Core/Src/RC522.o
 .debug_rnglists
                0x0000007e       0x37 ./Core/Src/lcd.o
 .debug_rnglists
                0x000000b5       0x13 ./Core/Src/lcd_background.o
 .debug_rnglists
                0x000000c8       0x1a ./Core/Src/lcd_run.o
 .debug_rnglists
                0x000000e2       0x2c ./Core/Src/lcd_text.o
 .debug_rnglists
                0x0000010e       0x3f ./Core/Src/main.o
 .debug_rnglists
                0x0000014d       0x2d ./Core/Src/stm32f3xx_hal_msp.o
 .debug_rnglists
                0x0000017a       0x43 ./Core/Src/stm32f3xx_it.o
 .debug_rnglists
                0x000001bd       0x1a ./Core/Src/system_stm32f3xx.o
 .debug_rnglists
                0x000001d7       0x14 ./Core/Src/table_of_cards.o
 .debug_rnglists
                0x000001eb       0x19 ./Core/Startup/startup_stm32f303retx.o
 .debug_rnglists
                0x00000204       0xa3 ./Drivers/STM32F3xx_HAL_Driver/Src/stm32f3xx_hal.o
 .debug_rnglists
                0x000002a7       0xda ./Drivers/STM32F3xx_HAL_Driver/Src/stm32f3xx_hal_cortex.o
 .debug_rnglists
                0x00000381       0x3f ./Drivers/STM32F3xx_HAL_Driver/Src/stm32f3xx_hal_gpio.o
 .debug_rnglists
                0x000003c0       0x66 ./Drivers/STM32F3xx_HAL_Driver/Src/stm32f3xx_hal_rcc.o
 .debug_rnglists
                0x00000426       0x29 ./Drivers/STM32F3xx_HAL_Driver/Src/stm32f3xx_hal_rcc_ex.o
 .debug_rnglists
                0x0000044f      0x178 ./Drivers/STM32F3xx_HAL_Driver/Src/stm32f3xx_hal_spi.o
 .debug_rnglists
                0x000005c7      0x1da ./Drivers/STM32F3xx_HAL_Driver/Src/stm32f3xx_hal_uart.o

.debug_macro    0x00000000    0x20dbf
 .debug_macro   0x00000000      0x1f0 ./Core/Src/RC522.o
 .debug_macro   0x000001f0      0xad8 ./Core/Src/RC522.o
 .debug_macro   0x00000cc8      0x15e ./Core/Src/RC522.o
 .debug_macro   0x00000e26       0x2e ./Core/Src/RC522.o
 .debug_macro   0x00000e54       0x28 ./Core/Src/RC522.o
 .debug_macro   0x00000e7c       0x22 ./Core/Src/RC522.o
 .debug_macro   0x00000e9e       0x8e ./Core/Src/RC522.o
 .debug_macro   0x00000f2c       0x51 ./Core/Src/RC522.o
 .debug_macro   0x00000f7d      0x103 ./Core/Src/RC522.o
 .debug_macro   0x00001080       0x6a ./Core/Src/RC522.o
 .debug_macro   0x000010ea      0x1df ./Core/Src/RC522.o
 .debug_macro   0x000012c9       0x1c ./Core/Src/RC522.o
 .debug_macro   0x000012e5       0x22 ./Core/Src/RC522.o
 .debug_macro   0x00001307       0xd9 ./Core/Src/RC522.o
 .debug_macro   0x000013e0     0x102d ./Core/Src/RC522.o
 .debug_macro   0x0000240d      0x11f ./Core/Src/RC522.o
 .debug_macro   0x0000252c    0x1535a ./Core/Src/RC522.o
 .debug_macro   0x00017886       0x6d ./Core/Src/RC522.o
 .debug_macro   0x000178f3     0x3574 ./Core/Src/RC522.o
 .debug_macro   0x0001ae67      0x190 ./Core/Src/RC522.o
 .debug_macro   0x0001aff7       0x55 ./Core/Src/RC522.o
 .debug_macro   0x0001b04c      0x953 ./Core/Src/RC522.o
 .debug_macro   0x0001b99f      0x84a ./Core/Src/RC522.o
 .debug_macro   0x0001c1e9      0x1b5 ./Core/Src/RC522.o
 .debug_macro   0x0001c39e      0x23a ./Core/Src/RC522.o
 .debug_macro   0x0001c5d8      0x1ea ./Core/Src/RC522.o
 .debug_macro   0x0001c7c2      0x1bc ./Core/Src/RC522.o
 .debug_macro   0x0001c97e       0x30 ./Core/Src/RC522.o
 .debug_macro   0x0001c9ae       0x3c ./Core/Src/RC522.o
 .debug_macro   0x0001c9ea      0x235 ./Core/Src/RC522.o
 .debug_macro   0x0001cc1f       0xc5 ./Core/Src/RC522.o
 .debug_macro   0x0001cce4      0x21d ./Core/Src/RC522.o
 .debug_macro   0x0001cf01      0x22c ./Core/Src/RC522.o
 .debug_macro   0x0001d12d       0x5b ./Core/Src/RC522.o
 .debug_macro   0x0001d188       0xa5 ./Core/Src/RC522.o
 .debug_macro   0x0001d22d       0x81 ./Core/Src/RC522.o
 .debug_macro   0x0001d2ae       0xd3 ./Core/Src/RC522.o
 .debug_macro   0x0001d381      0x2fe ./Core/Src/RC522.o
 .debug_macro   0x0001d67f      0x5ba ./Core/Src/RC522.o
 .debug_macro   0x0001dc39       0x44 ./Core/Src/RC522.o
 .debug_macro   0x0001dc7d      0x347 ./Core/Src/RC522.o
 .debug_macro   0x0001dfc4       0x58 ./Core/Src/RC522.o
 .debug_macro   0x0001e01c      0x23e ./Core/Src/RC522.o
 .debug_macro   0x0001e25a      0x293 ./Core/Src/lcd.o
 .debug_macro   0x0001e4ed       0x22 ./Core/Src/lcd.o
 .debug_macro   0x0001e50f       0x40 ./Core/Src/lcd.o
 .debug_macro   0x0001e54f      0x1f9 ./Core/Src/lcd_background.o
 .debug_macro   0x0001e748      0x2e7 ./Core/Src/lcd_run.o
 .debug_macro   0x0001ea2f       0x61 ./Core/Src/lcd_run.o
 .debug_macro   0x0001ea90       0x2a ./Core/Src/lcd_run.o
 .debug_macro   0x0001eaba       0x43 ./Core/Src/lcd_run.o
 .debug_macro   0x0001eafd       0x34 ./Core/Src/lcd_run.o
 .debug_macro   0x0001eb31      0x370 ./Core/Src/lcd_run.o
 .debug_macro   0x0001eea1       0x16 ./Core/Src/lcd_run.o
 .debug_macro   0x0001eeb7       0x4a ./Core/Src/lcd_run.o
 .debug_macro   0x0001ef01       0x34 ./Core/Src/lcd_run.o
 .debug_macro   0x0001ef35       0x10 ./Core/Src/lcd_run.o
 .debug_macro   0x0001ef45       0x58 ./Core/Src/lcd_run.o
 .debug_macro   0x0001ef9d       0x8e ./Core/Src/lcd_run.o
 .debug_macro   0x0001f02b       0x1c ./Core/Src/lcd_run.o
 .debug_macro   0x0001f047      0x185 ./Core/Src/lcd_run.o
 .debug_macro   0x0001f1cc       0x10 ./Core/Src/lcd_run.o
 .debug_macro   0x0001f1dc       0x3c ./Core/Src/lcd_run.o
 .debug_macro   0x0001f218       0x20 ./Core/Src/lcd_run.o
 .debug_macro   0x0001f238       0x52 ./Core/Src/lcd_run.o
 .debug_macro   0x0001f28a      0x20f ./Core/Src/lcd_text.o
 .debug_macro   0x0001f499       0x4c ./Core/Src/lcd_text.o
 .debug_macro   0x0001f4e5      0x2f5 ./Core/Src/main.o
 .debug_macro   0x0001f7da      0x1e7 ./Core/Src/stm32f3xx_hal_msp.o
 .debug_macro   0x0001f9c1      0x1f1 ./Core/Src/stm32f3xx_it.o
 .debug_macro   0x0001fbb2      0x1d8 ./Core/Src/system_stm32f3xx.o
 .debug_macro   0x0001fd8a      0x2d9 ./Core/Src/table_of_cards.o
 .debug_macro   0x00020063      0x1fc ./Drivers/STM32F3xx_HAL_Driver/Src/stm32f3xx_hal.o
 .debug_macro   0x0002025f      0x1d8 ./Drivers/STM32F3xx_HAL_Driver/Src/stm32f3xx_hal_cortex.o
 .debug_macro   0x00020437      0x1df ./Drivers/STM32F3xx_HAL_Driver/Src/stm32f3xx_hal_gpio.o
 .debug_macro   0x00020616      0x1fc ./Drivers/STM32F3xx_HAL_Driver/Src/stm32f3xx_hal_rcc.o
 .debug_macro   0x00020812      0x1d8 ./Drivers/STM32F3xx_HAL_Driver/Src/stm32f3xx_hal_rcc_ex.o
 .debug_macro   0x000209ea      0x1e0 ./Drivers/STM32F3xx_HAL_Driver/Src/stm32f3xx_hal_spi.o
 .debug_macro   0x00020bca      0x1f5 ./Drivers/STM32F3xx_HAL_Driver/Src/stm32f3xx_hal_uart.o

.debug_line     0x00000000     0xf072
 .debug_line    0x00000000      0xc15 ./Core/Src/RC522.o
 .debug_line    0x00000c15      0x86a ./Core/Src/lcd.o
 .debug_line    0x0000147f      0x7af ./Core/Src/lcd_background.o
 .debug_line    0x00001c2e      0x99f ./Core/Src/lcd_run.o
 .debug_line    0x000025cd      0x87e ./Core/Src/lcd_text.o
 .debug_line    0x00002e4b      0xb00 ./Core/Src/main.o
 .debug_line    0x0000394b      0x83e ./Core/Src/stm32f3xx_hal_msp.o
 .debug_line    0x00004189      0x820 ./Core/Src/stm32f3xx_it.o
 .debug_line    0x000049a9      0x7f0 ./Core/Src/system_stm32f3xx.o
 .debug_line    0x00005199      0x929 ./Core/Src/table_of_cards.o
 .debug_line    0x00005ac2       0x7a ./Core/Startup/startup_stm32f303retx.o
 .debug_line    0x00005b3c      0xa27 ./Drivers/STM32F3xx_HAL_Driver/Src/stm32f3xx_hal.o
 .debug_line    0x00006563      0xcf2 ./Drivers/STM32F3xx_HAL_Driver/Src/stm32f3xx_hal_cortex.o
 .debug_line    0x00007255      0xb9a ./Drivers/STM32F3xx_HAL_Driver/Src/stm32f3xx_hal_gpio.o
 .debug_line    0x00007def     0x159e ./Drivers/STM32F3xx_HAL_Driver/Src/stm32f3xx_hal_rcc.o
 .debug_line    0x0000938d      0xf8a ./Drivers/STM32F3xx_HAL_Driver/Src/stm32f3xx_hal_rcc_ex.o
 .debug_line    0x0000a317     0x20b8 ./Drivers/STM32F3xx_HAL_Driver/Src/stm32f3xx_hal_spi.o
 .debug_line    0x0000c3cf     0x2ca3 ./Drivers/STM32F3xx_HAL_Driver/Src/stm32f3xx_hal_uart.o

.debug_str      0x00000000    0xc2728
 .debug_str     0x00000000    0xc2728 ./Core/Src/RC522.o
                              0xbd07a (size before relaxing)
 .debug_str     0x000c2728    0xbcb64 ./Core/Src/lcd.o
 .debug_str     0x000c2728    0xbc47c ./Core/Src/lcd_background.o
 .debug_str     0x000c2728    0xc02a3 ./Core/Src/lcd_run.o
 .debug_str     0x000c2728    0xbc599 ./Core/Src/lcd_text.o
 .debug_str     0x000c2728    0xc08b2 ./Core/Src/main.o
 .debug_str     0x000c2728    0xbcac1 ./Core/Src/stm32f3xx_hal_msp.o
 .debug_str     0x000c2728    0xbc429 ./Core/Src/stm32f3xx_it.o
 .debug_str     0x000c2728    0xbc35d ./Core/Src/system_stm32f3xx.o
 .debug_str     0x000c2728    0xbf72d ./Core/Src/table_of_cards.o
 .debug_str     0x000c2728       0x82 ./Core/Startup/startup_stm32f303retx.o
 .debug_str     0x000c2728    0xbcc06 ./Drivers/STM32F3xx_HAL_Driver/Src/stm32f3xx_hal.o
 .debug_str     0x000c2728    0xbcc8a ./Drivers/STM32F3xx_HAL_Driver/Src/stm32f3xx_hal_cortex.o
 .debug_str     0x000c2728    0xbc542 ./Drivers/STM32F3xx_HAL_Driver/Src/stm32f3xx_hal_gpio.o
 .debug_str     0x000c2728    0xbc801 ./Drivers/STM32F3xx_HAL_Driver/Src/stm32f3xx_hal_rcc.o
 .debug_str     0x000c2728    0xbc64b ./Drivers/STM32F3xx_HAL_Driver/Src/stm32f3xx_hal_rcc_ex.o
 .debug_str     0x000c2728    0xbcc83 ./Drivers/STM32F3xx_HAL_Driver/Src/stm32f3xx_hal_spi.o
 .debug_str     0x000c2728    0xbd080 ./Drivers/STM32F3xx_HAL_Driver/Src/stm32f3xx_hal_uart.o

.comment        0x00000000       0x43
 .comment       0x00000000       0x43 ./Core/Src/RC522.o
                                 0x44 (size before relaxing)
 .comment       0x00000043       0x44 ./Core/Src/lcd.o
 .comment       0x00000043       0x44 ./Core/Src/lcd_background.o
 .comment       0x00000043       0x44 ./Core/Src/lcd_run.o
 .comment       0x00000043       0x44 ./Core/Src/lcd_text.o
 .comment       0x00000043       0x44 ./Core/Src/main.o
 .comment       0x00000043       0x44 ./Core/Src/stm32f3xx_hal_msp.o
 .comment       0x00000043       0x44 ./Core/Src/stm32f3xx_it.o
 .comment       0x00000043       0x44 ./Core/Src/system_stm32f3xx.o
 .comment       0x00000043       0x44 ./Core/Src/table_of_cards.o
 .comment       0x00000043       0x44 ./Drivers/STM32F3xx_HAL_Driver/Src/stm32f3xx_hal.o
 .comment       0x00000043       0x44 ./Drivers/STM32F3xx_HAL_Driver/Src/stm32f3xx_hal_cortex.o
 .comment       0x00000043       0x44 ./Drivers/STM32F3xx_HAL_Driver/Src/stm32f3xx_hal_gpio.o
 .comment       0x00000043       0x44 ./Drivers/STM32F3xx_HAL_Driver/Src/stm32f3xx_hal_rcc.o
 .comment       0x00000043       0x44 ./Drivers/STM32F3xx_HAL_Driver/Src/stm32f3xx_hal_rcc_ex.o
 .comment       0x00000043       0x44 ./Drivers/STM32F3xx_HAL_Driver/Src/stm32f3xx_hal_spi.o
 .comment       0x00000043       0x44 ./Drivers/STM32F3xx_HAL_Driver/Src/stm32f3xx_hal_uart.o

.debug_frame    0x00000000     0x2724
 .debug_frame   0x00000000      0x288 ./Core/Src/RC522.o
 .debug_frame   0x00000288      0x10c ./Core/Src/lcd.o
 .debug_frame   0x00000394       0x34 ./Core/Src/lcd_background.o
 .debug_frame   0x000003c8       0x5c ./Core/Src/lcd_run.o
 .debug_frame   0x00000424       0xbc ./Core/Src/lcd_text.o
 .debug_frame   0x000004e0      0x108 ./Core/Src/main.o
 .debug_frame   0x000005e8       0xc4 ./Core/Src/stm32f3xx_hal_msp.o
 .debug_frame   0x000006ac      0x104 ./Core/Src/stm32f3xx_it.o
 .debug_frame   0x000007b0       0x58 ./Core/Src/system_stm32f3xx.o
 .debug_frame   0x00000808       0x34 ./Core/Src/table_of_cards.o
 .debug_frame   0x0000083c      0x334 ./Drivers/STM32F3xx_HAL_Driver/Src/stm32f3xx_hal.o
 .debug_frame   0x00000b70      0x4e8 ./Drivers/STM32F3xx_HAL_Driver/Src/stm32f3xx_hal_cortex.o
 .debug_frame   0x00001058      0x14c ./Drivers/STM32F3xx_HAL_Driver/Src/stm32f3xx_hal_gpio.o
 .debug_frame   0x000011a4      0x214 ./Drivers/STM32F3xx_HAL_Driver/Src/stm32f3xx_hal_rcc.o
 .debug_frame   0x000013b8       0xb0 ./Drivers/STM32F3xx_HAL_Driver/Src/stm32f3xx_hal_rcc_ex.o
 .debug_frame   0x00001468      0x860 ./Drivers/STM32F3xx_HAL_Driver/Src/stm32f3xx_hal_spi.o
 .debug_frame   0x00001cc8      0x9e8 ./Drivers/STM32F3xx_HAL_Driver/Src/stm32f3xx_hal_uart.o
 .debug_frame   0x000026b0       0x28 C:/ST/STM32CubeIDE_1.19.0/STM32CubeIDE/plugins/com.st.stm32cube.ide.mcu.externaltools.gnu-tools-for-stm32.13.3.rel1.win32_1.0.0.202411081344/tools/bin/../lib/gcc/arm-none-eabi/13.3.1/../../../../arm-none-eabi/lib/thumb/v7e-m+fp/hard\libc_nano.a(libc_a-memcmp.o)
 .debug_frame   0x000026d8       0x20 C:/ST/STM32CubeIDE_1.19.0/STM32CubeIDE/plugins/com.st.stm32cube.ide.mcu.externaltools.gnu-tools-for-stm32.13.3.rel1.win32_1.0.0.202411081344/tools/bin/../lib/gcc/arm-none-eabi/13.3.1/../../../../arm-none-eabi/lib/thumb/v7e-m+fp/hard\libc_nano.a(libc_a-memset.o)
 .debug_frame   0x000026f8       0x2c C:/ST/STM32CubeIDE_1.19.0/STM32CubeIDE/plugins/com.st.stm32cube.ide.mcu.externaltools.gnu-tools-for-stm32.13.3.rel1.win32_1.0.0.202411081344/tools/bin/../lib/gcc/arm-none-eabi/13.3.1/../../../../arm-none-eabi/lib/thumb/v7e-m+fp/hard\libc_nano.a(libc_a-init.o)

.debug_line_str
                0x00000000       0x66
 .debug_line_str
                0x00000000       0x66 ./Core/Startup/startup_stm32f303retx.o
